[ph r0] double_bracket  en kept=3/3 altered=0 invented=0
[ph r0] double_bracket  en kept=3/3 altered=0 invented=0
[ph r0] double_bracket  en kept=5/5 altered=0 invented=0
[ph r0] double_bracket  en kept=2/3 altered=1 invented=0
[ph r0] double_bracket  ko kept=2/3 altered=1 invented=0
[ph r0] double_bracket  ko kept=0/3 altered=3 invented=0
[ph r0] double_bracket  ko kept=4/5 altered=0 invented=0
[ph r0] double_bracket  ko kept=3/3 altered=0 invented=0
[ph r0] math_bracket    en kept=2/3 altered=0 invented=0
[ph r0] math_bracket    en kept=0/3 altered=3 invented=0
[ph r0] math_bracket    en kept=0/5 altered=5 invented=0
[ph r0] math_bracket    en kept=3/3 altered=0 invented=0
[ph r0] math_bracket    ko kept=3/3 altered=0 invented=0
[ph r0] math_bracket    ko kept=3/3 altered=0 invented=0
[ph r0] math_bracket    ko kept=3/5 altered=0 invented=0
[ph r0] math_bracket    ko kept=3/3 altered=0 invented=0
[ph r0] angle           en kept=3/3 altered=0 invented=0
[ph r0] angle           en kept=3/3 altered=0 invented=0
[ph r0] angle           en kept=5/5 altered=0 invented=0
[ph r0] angle           en kept=3/3 altered=0 invented=0
[ph r0] angle           ko kept=3/3 altered=0 invented=0
[ph r0] angle           ko kept=3/3 altered=0 invented=0
[ph r0] angle           ko kept=5/5 altered=0 invented=0
[ph r0] angle           ko kept=3/3 altered=0 invented=0
[ph r0] double_brace    en kept=3/3 altered=0 invented=0
[ph r0] double_brace    en kept=3/3 altered=0 invented=0
[ph r0] double_brace    en kept=5/5 altered=0 invented=0
[ph r0] double_brace    en kept=3/3 altered=0 invented=0
[ph r0] double_brace    ko kept=3/3 altered=0 invented=0
[ph r0] double_brace    ko kept=3/3 altered=0 invented=0
[ph r0] double_brace    ko kept=5/5 altered=0 invented=0
[ph r0] double_brace    ko kept=3/3 altered=0 invented=0
[ph r1] double_bracket  en kept=3/3 altered=0 invented=0
[ph r1] double_bracket  en kept=3/3 altered=0 invented=0
[ph r1] double_bracket  en kept=5/5 altered=0 invented=0
[ph r1] double_bracket  en kept=2/3 altered=1 invented=0
[ph r1] double_bracket  ko kept=3/3 altered=0 invented=0
[ph r1] double_bracket  ko kept=0/3 altered=1 invented=0
[ph r1] double_bracket  ko kept=4/5 altered=0 invented=0
[ph r1] double_bracket  ko kept=0/3 altered=3 invented=0
[ph r1] math_bracket    en kept=3/3 altered=0 invented=0
[ph r1] math_bracket    en kept=3/3 altered=0 invented=0
[ph r1] math_bracket    en kept=0/5 altered=5 invented=0
[ph r1] math_bracket    en kept=0/3 altered=3 invented=0
[ph r1] math_bracket    ko kept=3/3 altered=0 invented=0
[ph r1] math_bracket    ko kept=0/3 altered=0 invented=0
[ph r1] math_bracket    ko kept=3/5 altered=0 invented=0
[ph r1] math_bracket    ko kept=3/3 altered=0 invented=0
[ph r1] angle           en kept=3/3 altered=0 invented=0
[ph r1] angle           en kept=3/3 altered=0 invented=0
[ph r1] angle           en kept=5/5 altered=0 invented=0
[ph r1] angle           en kept=3/3 altered=0 invented=0
[ph r1] angle           ko kept=3/3 altered=0 invented=0
[ph r1] angle           ko kept=3/3 altered=0 invented=0
[ph r1] angle           ko kept=3/5 altered=0 invented=0
[ph r1] angle           ko kept=3/3 altered=0 invented=0
[ph r1] double_brace    en kept=2/3 altered=0 invented=0
[ph r1] double_brace    en kept=3/3 altered=0 invented=0
[ph r1] double_brace    en kept=5/5 altered=0 invented=0
[ph r1] double_brace    en kept=3/3 altered=0 invented=0
[ph r1] double_brace    ko kept=3/3 altered=0 invented=0
[ph r1] double_brace    ko kept=0/3 altered=3 invented=0
[ph r1] double_brace    ko kept=4/5 altered=0 invented=0
[ph r1] double_brace    ko kept=3/3 altered=0 invented=0
[ph r2] double_bracket  en kept=2/3 altered=0 invented=0
[ph r2] double_bracket  en kept=3/3 altered=0 invented=0
[ph r2] double_bracket  en kept=5/5 altered=0 invented=0
[ph r2] double_bracket  en kept=3/3 altered=0 invented=0
[ph r2] double_bracket  ko kept=3/3 altered=0 invented=0
[ph r2] double_bracket  ko kept=0/3 altered=3 invented=0
[ph r2] double_bracket  ko kept=5/5 altered=0 invented=0
[ph r2] double_bracket  ko kept=2/3 altered=1 invented=0
[ph r2] math_bracket    en kept=3/3 altered=0 invented=0
[ph r2] math_bracket    en kept=3/3 altered=0 invented=0
[ph r2] math_bracket    en kept=5/5 altered=0 invented=0
[ph r2] math_bracket    en kept=3/3 altered=0 invented=0
[ph r2] math_bracket    ko kept=3/3 altered=0 invented=0
[ph r2] math_bracket    ko kept=3/3 altered=0 invented=0
[ph r2] math_bracket    ko kept=3/5 altered=0 invented=0
[ph r2] math_bracket    ko kept=3/3 altered=0 invented=0
[ph r2] angle           en kept=3/3 altered=0 invented=0
[ph r2] angle           en kept=3/3 altered=0 invented=0
[ph r2] angle           en kept=5/5 altered=0 invented=0
[ph r2] angle           en kept=3/3 altered=0 invented=0
[ph r2] angle           ko kept=3/3 altered=0 invented=0
[ph r2] angle           ko kept=3/3 altered=0 invented=0
[ph r2] angle           ko kept=4/5 altered=0 invented=0
[ph r2] angle           ko kept=3/3 altered=0 invented=0
[ph r2] double_brace    en kept=3/3 altered=0 invented=0
[ph r2] double_brace    en kept=3/3 altered=0 invented=0
[ph r2] double_brace    en kept=5/5 altered=0 invented=0
[ph r2] double_brace    en kept=3/3 altered=0 invented=0
[ph r2] double_brace    ko kept=3/3 altered=0 invented=0
[ph r2] double_brace    ko kept=3/3 altered=0 invented=0
[ph r2] double_brace    ko kept=5/5 altered=0 invented=0
[ph r2] double_brace    ko kept=3/3 altered=0 invented=0

| style | outputs with all placeholders intact | token keep rate | altered | invented |
|---|---|---|---|---|
| double_bracket | 13/24 (54%) | 65/84 (77.4%) | 14 | 0 |
| math_bracket | 15/24 (62%) | 58/84 (69.0%) | 16 | 0 |
| angle | 22/24 (92%) | 81/84 (96.4%) | 0 | 0 |
| double_brace | 21/24 (88%) | 79/84 (94.0%) | 3 | 0 |
wrote ./scripts/local_model/results/q4_placeholders_noinstr.jsonl
