[ph r0] double_bracket  en kept=3/3 altered=0 invented=0
[ph r0] double_bracket  en kept=3/3 altered=0 invented=0
[ph r0] double_bracket  en kept=5/5 altered=0 invented=0
[ph r0] double_bracket  en kept=3/3 altered=0 invented=0
[ph r0] double_bracket  ko kept=3/3 altered=0 invented=0
[ph r0] double_bracket  ko kept=3/3 altered=0 invented=0
[ph r0] double_bracket  ko kept=5/5 altered=0 invented=0
[ph r0] double_bracket  ko kept=3/3 altered=0 invented=0
[ph r0] math_bracket    en kept=3/3 altered=0 invented=0
[ph r0] math_bracket    en kept=3/3 altered=0 invented=0
[ph r0] math_bracket    en kept=5/5 altered=0 invented=0
[ph r0] math_bracket    en kept=3/3 altered=0 invented=0
[ph r0] math_bracket    ko kept=3/3 altered=0 invented=0
[ph r0] math_bracket    ko kept=3/3 altered=0 invented=0
[ph r0] math_bracket    ko kept=5/5 altered=0 invented=0
[ph r0] math_bracket    ko kept=3/3 altered=0 invented=0
[ph r0] angle           en kept=3/3 altered=0 invented=0
[ph r0] angle           en kept=3/3 altered=0 invented=0
[ph r0] angle           en kept=5/5 altered=0 invented=0
[ph r0] angle           en kept=3/3 altered=0 invented=0
[ph r0] angle           ko kept=3/3 altered=0 invented=0
[ph r0] angle           ko kept=3/3 altered=0 invented=0
[ph r0] angle           ko kept=5/5 altered=0 invented=0
[ph r0] angle           ko kept=3/3 altered=0 invented=0
[ph r0] double_brace    en kept=3/3 altered=0 invented=0
[ph r0] double_brace    en kept=3/3 altered=0 invented=0
[ph r0] double_brace    en kept=5/5 altered=0 invented=0
[ph r0] double_brace    en kept=3/3 altered=0 invented=0
[ph r0] double_brace    ko kept=3/3 altered=0 invented=0
[ph r0] double_brace    ko kept=3/3 altered=0 invented=0
[ph r0] double_brace    ko kept=5/5 altered=0 invented=0
[ph r0] double_brace    ko kept=3/3 altered=0 invented=0
[ph r1] double_bracket  en kept=3/3 altered=0 invented=0
[ph r1] double_bracket  en kept=3/3 altered=0 invented=0
[ph r1] double_bracket  en kept=5/5 altered=0 invented=0
[ph r1] double_bracket  en kept=3/3 altered=0 invented=0
[ph r1] double_bracket  ko kept=3/3 altered=0 invented=0
[ph r1] double_bracket  ko kept=3/3 altered=0 invented=0
[ph r1] double_bracket  ko kept=5/5 altered=0 invented=0
[ph r1] double_bracket  ko kept=3/3 altered=0 invented=0
[ph r1] math_bracket    en kept=3/3 altered=0 invented=0
[ph r1] math_bracket    en kept=3/3 altered=0 invented=0
[ph r1] math_bracket    en kept=5/5 altered=0 invented=0
[ph r1] math_bracket    en kept=3/3 altered=0 invented=0
[ph r1] math_bracket    ko kept=3/3 altered=0 invented=0
[ph r1] math_bracket    ko kept=3/3 altered=0 invented=0
[ph r1] math_bracket    ko kept=5/5 altered=0 invented=0
[ph r1] math_bracket    ko kept=3/3 altered=0 invented=0
[ph r1] angle           en kept=3/3 altered=0 invented=0
[ph r1] angle           en kept=3/3 altered=0 invented=0
[ph r1] angle           en kept=5/5 altered=0 invented=0
[ph r1] angle           en kept=3/3 altered=0 invented=0
[ph r1] angle           ko kept=3/3 altered=0 invented=0
[ph r1] angle           ko kept=3/3 altered=0 invented=0
[ph r1] angle           ko kept=5/5 altered=0 invented=0
[ph r1] angle           ko kept=3/3 altered=0 invented=0
[ph r1] double_brace    en kept=3/3 altered=0 invented=0
[ph r1] double_brace    en kept=3/3 altered=0 invented=0
[ph r1] double_brace    en kept=5/5 altered=0 invented=0
[ph r1] double_brace    en kept=3/3 altered=0 invented=0
[ph r1] double_brace    ko kept=3/3 altered=0 invented=0
[ph r1] double_brace    ko kept=3/3 altered=0 invented=0
[ph r1] double_brace    ko kept=5/5 altered=0 invented=0
[ph r1] double_brace    ko kept=3/3 altered=0 invented=0
[ph r2] double_bracket  en kept=3/3 altered=0 invented=0
[ph r2] double_bracket  en kept=3/3 altered=0 invented=0
[ph r2] double_bracket  en kept=5/5 altered=0 invented=0
[ph r2] double_bracket  en kept=3/3 altered=0 invented=0
[ph r2] double_bracket  ko kept=3/3 altered=0 invented=0
[ph r2] double_bracket  ko kept=3/3 altered=0 invented=0
[ph r2] double_bracket  ko kept=5/5 altered=0 invented=0
[ph r2] double_bracket  ko kept=3/3 altered=0 invented=0
[ph r2] math_bracket    en kept=3/3 altered=0 invented=0
[ph r2] math_bracket    en kept=3/3 altered=0 invented=0
[ph r2] math_bracket    en kept=5/5 altered=0 invented=0
[ph r2] math_bracket    en kept=3/3 altered=0 invented=0
[ph r2] math_bracket    ko kept=3/3 altered=0 invented=0
[ph r2] math_bracket    ko kept=3/3 altered=0 invented=0
[ph r2] math_bracket    ko kept=5/5 altered=0 invented=0
[ph r2] math_bracket    ko kept=3/3 altered=0 invented=0
[ph r2] angle           en kept=3/3 altered=0 invented=0
[ph r2] angle           en kept=3/3 altered=0 invented=0
[ph r2] angle           en kept=5/5 altered=0 invented=0
[ph r2] angle           en kept=3/3 altered=0 invented=0
[ph r2] angle           ko kept=3/3 altered=0 invented=0
[ph r2] angle           ko kept=3/3 altered=0 invented=0
[ph r2] angle           ko kept=5/5 altered=0 invented=0
[ph r2] angle           ko kept=3/3 altered=0 invented=0
[ph r2] double_brace    en kept=3/3 altered=0 invented=0
[ph r2] double_brace    en kept=3/3 altered=0 invented=0
[ph r2] double_brace    en kept=5/5 altered=0 invented=0
[ph r2] double_brace    en kept=3/3 altered=0 invented=0
[ph r2] double_brace    ko kept=3/3 altered=0 invented=0
[ph r2] double_brace    ko kept=3/3 altered=0 invented=0
[ph r2] double_brace    ko kept=5/5 altered=0 invented=0
[ph r2] double_brace    ko kept=3/3 altered=0 invented=0

| style | outputs with all placeholders intact | token keep rate | altered | invented |
|---|---|---|---|---|
| double_bracket | 24/24 (100%) | 84/84 (100.0%) | 0 | 0 |
| math_bracket | 24/24 (100%) | 84/84 (100.0%) | 0 | 0 |
| angle | 24/24 (100%) | 84/84 (100.0%) | 0 | 0 |
| double_brace | 24/24 (100%) | 84/84 (100.0%) | 0 | 0 |
wrote ./scripts/local_model/results/q4_placeholders.jsonl
