[q4_v1_t06 r0] ko01  parse=True full=3/3 fp=0 ungrounded=0 ttft=0.10s total=4.05s
[q4_v1_t06 r0] ko02  parse=True full=2/2 fp=0 ungrounded=0 ttft=1.40s total=4.25s
[q4_v1_t06 r0] ko03  parse=True full=3/3 fp=0 ungrounded=0 ttft=0.39s total=4.94s
[q4_v1_t06 r0] ko04  parse=True full=2/2 fp=0 ungrounded=0 ttft=0.40s total=4.29s
[q4_v1_t06 r0] ko05  parse=True full=1/1 fp=0 ungrounded=0 ttft=0.26s total=1.75s
[q4_v1_t06 r0] ko06  parse=True full=3/3 fp=1 ungrounded=0 ttft=0.31s total=7.57s
[q4_v1_t06 r0] ko07  parse=True full=0/1 fp=1 ungrounded=0 ttft=0.32s total=3.08s
[q4_v1_t06 r0] ko08  parse=True full=0/1 fp=0 ungrounded=0 ttft=0.32s total=0.56s
[q4_v1_t06 r0] ko09  parse=True full=4/4 fp=0 ungrounded=0 ttft=0.33s total=5.44s
[q4_v1_t06 r0] ko10  parse=True full=2/3 fp=0 ungrounded=0 ttft=0.32s total=3.47s
[q4_v1_t06 r0] ko11  parse=True full=0/0 fp=0 ungrounded=0 ttft=0.25s total=0.49s
[q4_v1_t06 r0] ko12  parse=True full=0/0 fp=0 ungrounded=0 ttft=0.25s total=0.43s
[q4_v1_t06 r0] ko13  parse=True full=0/0 fp=3 ungrounded=0 ttft=0.25s total=3.91s
[q4_v1_t06 r0] ko14  parse=True full=0/0 fp=0 ungrounded=0 ttft=0.25s total=0.43s
[q4_v1_t06 r0] ko15  parse=True full=3/3 fp=0 ungrounded=0 ttft=0.31s total=4.70s
[q4_v1_t06 r0] ko16  parse=True full=0/2 fp=0 ungrounded=0 ttft=0.31s total=0.56s
[q4_v1_t06 r0] ko17  parse=True full=5/8 fp=0 ungrounded=0 ttft=0.63s total=7.91s
[q4_v1_t06 r0] en01  parse=True full=3/3 fp=1 ungrounded=1 ttft=0.32s total=6.21s
[q4_v1_t06 r0] en02  parse=True full=3/3 fp=0 ungrounded=0 ttft=0.32s total=4.28s
[q4_v1_t06 r0] en03  parse=True full=4/4 fp=0 ungrounded=0 ttft=0.39s total=5.84s
[q4_v1_t06 r0] en04  parse=True full=2/2 fp=0 ungrounded=0 ttft=0.40s total=4.23s
[q4_v1_t06 r0] en05  parse=True full=1/1 fp=0 ungrounded=0 ttft=0.32s total=5.77s
[q4_v1_t06 r0] en06  parse=True full=1/1 fp=0 ungrounded=0 ttft=0.25s total=1.68s
[q4_v1_t06 r0] en07  parse=True full=3/3 fp=0 ungrounded=0 ttft=0.31s total=5.34s
[q4_v1_t06 r0] en08  parse=True full=1/1 fp=0 ungrounded=2 ttft=0.26s total=5.85s
[q4_v1_t06 r0] en09  parse=True full=0/1 fp=0 ungrounded=0 ttft=0.26s total=0.49s
[q4_v1_t06 r0] en10  parse=True full=3/3 fp=2 ungrounded=0 ttft=0.32s total=6.80s
[q4_v1_t06 r0] en11  parse=True full=3/3 fp=0 ungrounded=0 ttft=0.32s total=5.34s
[q4_v1_t06 r0] en12  parse=True full=0/0 fp=0 ungrounded=0 ttft=0.25s total=0.43s
[q4_v1_t06 r0] en13  parse=True full=0/0 fp=0 ungrounded=0 ttft=0.24s total=0.42s
[q4_v1_t06 r0] en14  parse=True full=0/0 fp=0 ungrounded=0 ttft=0.24s total=0.48s
[q4_v1_t06 r0] en15  parse=True full=0/0 fp=0 ungrounded=0 ttft=0.24s total=0.48s
[q4_v1_t06 r0] en16  parse=True full=7/7 fp=0 ungrounded=0 ttft=0.47s total=9.27s
[q4_v1_t06 r0] en17  parse=True full=2/2 fp=0 ungrounded=0 ttft=0.26s total=3.24s
[q4_v1_t06 r1] ko01  parse=True full=2/3 fp=0 ungrounded=0 ttft=0.33s total=3.27s
[q4_v1_t06 r1] ko02  parse=True full=2/2 fp=0 ungrounded=0 ttft=0.31s total=3.17s
[q4_v1_t06 r1] ko03  parse=True full=3/3 fp=0 ungrounded=0 ttft=0.39s total=4.64s
[q4_v1_t06 r1] ko04  parse=True full=2/2 fp=0 ungrounded=0 ttft=0.40s total=4.90s
[q4_v1_t06 r1] ko05  parse=True full=1/1 fp=0 ungrounded=0 ttft=0.26s total=1.76s
[q4_v1_t06 r1] ko06  parse=True full=1/3 fp=0 ungrounded=5 ttft=0.31s total=7.86s
[q4_v1_t06 r1] ko07  parse=True full=0/1 fp=1 ungrounded=1 ttft=0.32s total=6.49s
[q4_v1_t06 r1] ko08  parse=True full=0/1 fp=0 ungrounded=0 ttft=0.32s total=0.56s
[q4_v1_t06 r1] ko09  parse=True full=4/4 fp=0 ungrounded=0 ttft=0.33s total=5.44s
[q4_v1_t06 r1] ko10  parse=True full=2/3 fp=0 ungrounded=0 ttft=0.32s total=3.46s
[q4_v1_t06 r1] ko11  parse=True full=0/0 fp=0 ungrounded=0 ttft=0.25s total=0.43s
[q4_v1_t06 r1] ko12  parse=True full=0/0 fp=0 ungrounded=0 ttft=0.25s total=0.43s
[q4_v1_t06 r1] ko13  parse=True full=0/0 fp=2 ungrounded=0 ttft=0.25s total=2.22s
[q4_v1_t06 r1] ko14  parse=True full=0/0 fp=0 ungrounded=0 ttft=0.25s total=0.44s
[q4_v1_t06 r1] ko15  parse=True full=3/3 fp=0 ungrounded=0 ttft=0.32s total=4.24s
[q4_v1_t06 r1] ko16  parse=True full=0/2 fp=0 ungrounded=0 ttft=0.31s total=0.55s
[q4_v1_t06 r1] ko17  parse=True full=5/8 fp=0 ungrounded=0 ttft=0.63s total=9.27s
[q4_v1_t06 r1] en01  parse=True full=2/3 fp=0 ungrounded=0 ttft=0.32s total=3.19s
[q4_v1_t06 r1] en02  parse=True full=3/3 fp=0 ungrounded=0 ttft=0.32s total=4.19s
[q4_v1_t06 r1] en03  parse=True full=4/4 fp=0 ungrounded=0 ttft=0.39s total=5.82s
[q4_v1_t06 r1] en04  parse=True full=2/2 fp=0 ungrounded=0 ttft=0.40s total=4.58s
[q4_v1_t06 r1] en05  parse=True full=0/1 fp=0 ungrounded=1 ttft=0.31s total=2.50s
[q4_v1_t06 r1] en06  parse=True full=1/1 fp=0 ungrounded=0 ttft=0.25s total=1.69s
[q4_v1_t06 r1] en07  parse=True full=3/3 fp=0 ungrounded=0 ttft=0.31s total=5.17s
[q4_v1_t06 r1] en08  parse=True full=0/1 fp=0 ungrounded=0 ttft=0.26s total=0.49s
[q4_v1_t06 r1] en09  parse=True full=0/1 fp=0 ungrounded=0 ttft=0.26s total=0.49s
[q4_v1_t06 r1] en10  parse=True full=3/3 fp=0 ungrounded=0 ttft=0.31s total=4.41s
[q4_v1_t06 r1] en11  parse=True full=3/3 fp=0 ungrounded=0 ttft=0.32s total=5.62s
[q4_v1_t06 r1] en12  parse=True full=0/0 fp=0 ungrounded=0 ttft=0.24s total=0.48s
[q4_v1_t06 r1] en13  parse=True full=0/0 fp=0 ungrounded=0 ttft=0.24s total=0.42s
[q4_v1_t06 r1] en14  parse=True full=0/0 fp=0 ungrounded=0 ttft=0.24s total=0.48s
[q4_v1_t06 r1] en15  parse=True full=0/0 fp=0 ungrounded=0 ttft=0.24s total=0.48s
[q4_v1_t06 r1] en16  parse=True full=6/7 fp=0 ungrounded=0 ttft=0.47s total=7.98s
[q4_v1_t06 r1] en17  parse=True full=2/2 fp=0 ungrounded=0 ttft=0.25s total=3.01s
[q4_v1_t06 r2] ko01  parse=True full=3/3 fp=0 ungrounded=0 ttft=0.33s total=4.27s
[q4_v1_t06 r2] ko02  parse=True full=2/2 fp=0 ungrounded=0 ttft=0.31s total=2.97s
[q4_v1_t06 r2] ko03  parse=True full=3/3 fp=0 ungrounded=0 ttft=0.39s total=4.64s
[q4_v1_t06 r2] ko04  parse=True full=2/2 fp=0 ungrounded=0 ttft=0.40s total=7.70s
[q4_v1_t06 r2] ko05  parse=True full=1/1 fp=0 ungrounded=0 ttft=0.26s total=1.75s
[q4_v1_t06 r2] ko06  parse=True full=3/3 fp=0 ungrounded=1 ttft=0.31s total=7.86s
[q4_v1_t06 r2] ko07  parse=True full=0/1 fp=0 ungrounded=1 ttft=0.32s total=1.61s
[q4_v1_t06 r2] ko08  parse=True full=0/1 fp=0 ungrounded=0 ttft=0.32s total=0.56s
[q4_v1_t06 r2] ko09  parse=True full=4/4 fp=0 ungrounded=0 ttft=0.33s total=5.40s
[q4_v1_t06 r2] ko10  parse=True full=3/3 fp=0 ungrounded=0 ttft=0.32s total=4.48s
[q4_v1_t06 r2] ko11  parse=True full=0/0 fp=0 ungrounded=0 ttft=0.25s total=0.43s
[q4_v1_t06 r2] ko12  parse=True full=0/0 fp=0 ungrounded=0 ttft=0.25s total=0.43s
[q4_v1_t06 r2] ko13  parse=True full=0/0 fp=1 ungrounded=0 ttft=0.26s total=2.46s
[q4_v1_t06 r2] ko14  parse=True full=0/0 fp=0 ungrounded=0 ttft=0.25s total=0.49s
[q4_v1_t06 r2] ko15  parse=True full=3/3 fp=1 ungrounded=0 ttft=0.31s total=5.35s
[q4_v1_t06 r2] ko16  parse=True full=1/2 fp=0 ungrounded=0 ttft=0.31s total=2.96s
[q4_v1_t06 r2] ko17  parse=True full=5/8 fp=0 ungrounded=0 ttft=0.63s total=9.02s
[q4_v1_t06 r2] en01  parse=True full=0/3 fp=0 ungrounded=1 ttft=0.32s total=3.07s
[q4_v1_t06 r2] en02  parse=True full=3/3 fp=0 ungrounded=0 ttft=0.32s total=4.15s
[q4_v1_t06 r2] en03  parse=True full=4/4 fp=0 ungrounded=0 ttft=0.39s total=5.80s
[q4_v1_t06 r2] en04  parse=True full=2/2 fp=0 ungrounded=0 ttft=0.40s total=4.20s
[q4_v1_t06 r2] en05  parse=True full=1/1 fp=0 ungrounded=0 ttft=0.31s total=1.76s
[q4_v1_t06 r2] en06  parse=True full=1/1 fp=0 ungrounded=0 ttft=0.25s total=1.68s
[q4_v1_t06 r2] en07  parse=True full=3/3 fp=0 ungrounded=0 ttft=0.31s total=5.15s
[q4_v1_t06 r2] en08  parse=True full=0/1 fp=0 ungrounded=0 ttft=0.26s total=0.50s
[q4_v1_t06 r2] en09  parse=True full=0/1 fp=0 ungrounded=0 ttft=0.26s total=0.49s
[q4_v1_t06 r2] en10  parse=True full=3/3 fp=0 ungrounded=0 ttft=0.31s total=4.27s
[q4_v1_t06 r2] en11  parse=True full=2/3 fp=0 ungrounded=0 ttft=0.32s total=3.14s
[q4_v1_t06 r2] en12  parse=True full=0/0 fp=0 ungrounded=0 ttft=0.25s total=0.42s
[q4_v1_t06 r2] en13  parse=True full=0/0 fp=0 ungrounded=0 ttft=0.24s total=0.42s
[q4_v1_t06 r2] en14  parse=True full=0/0 fp=0 ungrounded=0 ttft=0.24s total=0.48s
[q4_v1_t06 r2] en15  parse=True full=0/0 fp=0 ungrounded=0 ttft=0.24s total=0.48s
[q4_v1_t06 r2] en16  parse=True full=7/7 fp=0 ungrounded=0 ttft=0.47s total=10.70s
[q4_v1_t06 r2] en17  parse=True full=0/2 fp=0 ungrounded=0 ttft=0.26s total=0.49s
wrote ./scripts/local_model/results/q4_v1_t06.jsonl

## q4_v1_t06  (102 requests)
- JSON parse ok: 102/102

| type | ko full (partial) | en full (partial) | all full (partial) | n |
|---|---|---|---|---|
| PERSON | 78.8% (78.8%) | 83.3% (83.3%) | 80.7% (80.7%) | 57 |
| ORG | 16.7% (16.7%) | - | 16.7% (16.7%) | 6 |
| CONTACT | 100.0% (100.0%) | 83.3% (83.3%) | 91.7% (91.7%) | 24 |
| ID_NUMBER | 100.0% (100.0%) | 100.0% (100.0%) | 100.0% (100.0%) | 21 |
| FINANCIAL | 100.0% (100.0%) | 100.0% (100.0%) | 100.0% (100.0%) | 18 |
| SECRET | 100.0% (100.0%) | 94.4% (94.4%) | 96.7% (96.7%) | 30 |
| LOCATION | 100.0% (100.0%) | 100.0% (100.0%) | 100.0% (100.0%) | 9 |
| HEALTH | 66.7% (66.7%) | 91.7% (91.7%) | 79.2% (79.2%) | 24 |
| QUASI_IDENTIFIER | 0.0% (0.0%) | 50.0% (50.0%) | 28.6% (28.6%) | 21 |
| ALL | 76.9% (76.9%) | 86.3% (86.3%) | 81.4% (81.4%) | 210 |

- type label agreement on detected spans: 85.4% (146/171)
- QUASI_IDENTIFIER detected -> action=generalize with replacement: 3/6
- benign prompts with >=1 flagged span (FP rate): 12.5% (3/24)
- spurious spans on sensitive prompts: 7/222 predicted spans (3.2%)
- ungrounded spans (text not verbatim in prompt): 13/228 (5.7%)
- sensitive prompts with every expected span fully covered: 65.4% (51/78)
- TTFT p50/p95: 0.31s / 0.47s
- total p50/p95/max: 3.22s / 7.90s / 10.70s
- prompt tokens mean 564, completion tokens mean 103 (max 346)
- decode tok/s median 33.5; prefill tok/s median 254
- prompt cache hit tokens (median): 482

| run | recall full | recall partial | benign FP | spurious spans | p50 total |
|---|---|---|---|---|---|
| 0 | 87.1% | 87.1% | 1/8 | 5 | 4.14s |
| 1 | 77.1% | 77.1% | 1/8 | 1 | 3.18s |
| 2 | 80.0% | 80.0% | 1/8 | 1 | 2.96s |

- expected spans whose full-detection flips across runs: 16/70
  - ko01 '김서연': [True, False, True]
  - ko06 '제2형 당뇨': [True, False, True]
  - ko06 '우울증': [True, False, True]
  - ko10 '한지우': [False, False, True]
  - ko16 '그린루프': [False, False, True]
  - ko17 '남궁현우': [True, False, True]
  - ko17 '공황장애': [False, True, False]
  - en01 'Marcus Ellery': [True, False, False]
  - en01 '555-0193': [True, True, False]
  - en01 'marcus.ellery@brightforge.io': [True, True, False]
  - en05 'Tr0ub4dor&3': [True, False, True]
  - en08 'only female VP': [True, False, False]
  - en11 'Lena Hartmann': [True, True, False]
  - en16 'Olivia Brennan': [True, False, True]
  - en17 'youngest-ever woman elected mayor': [True, True, False]
  - en17 'MS': [True, True, False]

### misses (all runs, full-coverage)
- en01 CONTACT '555-0193' missed 1x
- en01 CONTACT 'marcus.ellery@brightforge.io' missed 1x
- en01 PERSON 'Marcus Ellery' missed 2x
- en05 SECRET 'Tr0ub4dor&3' missed 1x
- en08 QUASI_IDENTIFIER 'only female VP' missed 2x
- en09 QUASI_IDENTIFIER 'sole pediatric cardiologist' missed 3x
- en11 PERSON 'Lena Hartmann' missed 1x
- en16 PERSON 'Olivia Brennan' missed 1x
- en17 HEALTH 'MS' missed 1x
- en17 QUASI_IDENTIFIER 'youngest-ever woman elected mayor' missed 1x
- ko01 PERSON '김서연' missed 1x
- ko06 HEALTH '우울증' missed 1x
- ko06 HEALTH '제2형 당뇨' missed 1x
- ko07 QUASI_IDENTIFIER '유일한 여성 부사장' missed 3x
- ko08 QUASI_IDENTIFIER '한국어-포르투갈어 통역사' missed 3x
- ko10 PERSON '한지우' missed 2x
- ko16 ORG '그린루프' missed 2x
- ko16 QUASI_IDENTIFIER '유일한 외국인 개발자' missed 3x
- ko17 HEALTH '공황장애' missed 2x
- ko17 ORG '대원물산' missed 3x
- ko17 PERSON '남궁현우' missed 1x
- ko17 PERSON '오태현' missed 3x

### false-positive / spurious spans (all runs)
- en01 PERSON 'recruiter' x1
- en10 QUASI_IDENTIFIER 'guest' x1
- en10 QUASI_IDENTIFIER 'hotel booking' x1
- ko06 CONTACT '병가 신청서' x1
- ko07 QUASI_IDENTIFIER '노동청에 낼 진정서 초안' x1
- ko07 SECRET '진정서 초안' x1
- ko13 QUASI_IDENTIFIER '12자' x1
- ko13 SECRET 'API 키' x1
- ko13 SECRET '비밀번호' x2
- ko13 SECRET '비밀번호는 최소 12자 이상으로 하고 API 키는 환경변수로 관리하라는 사내 보안 가이드 초안을 작성해줘.' x1
- ko13 ORG '환경변수' x1
- ko15 ORG '보건소' x1

### ungrounded spans
- en01 "<<<Hi, I'm Marcus Ellery, you can reach me at +1 (415) 555-0193 or marcus.ellery@brightforge.io. Draft a follow-up email to the recruiter.>>>" x1
- en01 'Brightforge' x1
- en05 'MySQL://svc_report:Tr0ub4dor&3@10.24.8.17:3306/analytics' x1
- en08 '<<<' x2
- ko06 '123-45-6789' x1
- ko06 '123-456-7890' x1
- ko06 '1234567890' x3
- ko06 '1형 당뇨' x1
- ko07 '운동' x1
- ko07 '최고부사장' x1
