[q4_v2_t06 r0] ko01  parse=True full=3/3 fp=0 ungrounded=0 ttft=2.87s total=7.46s
[q4_v2_t06 r0] ko02  parse=True full=2/2 fp=0 ungrounded=0 ttft=0.25s total=3.94s
[q4_v2_t06 r0] ko03  parse=True full=3/3 fp=0 ungrounded=0 ttft=0.33s total=5.19s
[q4_v2_t06 r0] ko04  parse=True full=2/2 fp=0 ungrounded=0 ttft=0.39s total=2.71s
[q4_v2_t06 r0] ko05  parse=True full=1/1 fp=0 ungrounded=0 ttft=0.25s total=1.17s
[q4_v2_t06 r0] ko06  parse=True full=3/3 fp=0 ungrounded=2 ttft=0.26s total=4.28s
[q4_v2_t06 r0] ko07  parse=True full=0/1 fp=0 ungrounded=0 ttft=0.31s total=3.29s
[q4_v2_t06 r0] ko08  parse=True full=1/1 fp=0 ungrounded=0 ttft=0.31s total=2.16s
[q4_v2_t06 r0] ko09  parse=True full=4/4 fp=1 ungrounded=0 ttft=0.32s total=4.34s
[q4_v2_t06 r0] ko10  parse=True full=2/3 fp=0 ungrounded=0 ttft=0.31s total=2.25s
[q4_v2_t06 r0] ko11  parse=True full=0/0 fp=0 ungrounded=0 ttft=0.24s total=0.42s
[q4_v2_t06 r0] ko12  parse=True full=0/0 fp=0 ungrounded=0 ttft=0.24s total=0.42s
[q4_v2_t06 r0] ko13  parse=True full=0/0 fp=0 ungrounded=0 ttft=0.25s total=0.43s
[q4_v2_t06 r0] ko14  parse=True full=0/0 fp=0 ungrounded=0 ttft=0.24s total=0.42s
[q4_v2_t06 r0] ko15  parse=True full=3/3 fp=0 ungrounded=0 ttft=0.26s total=2.72s
[q4_v2_t06 r0] ko16  parse=True full=1/2 fp=0 ungrounded=0 ttft=0.26s total=1.90s
[q4_v2_t06 r0] ko17  parse=True full=6/8 fp=0 ungrounded=0 ttft=0.62s total=6.98s
[q4_v2_t06 r0] en01  parse=True full=3/3 fp=0 ungrounded=0 ttft=0.31s total=4.35s
[q4_v2_t06 r0] en02  parse=True full=3/3 fp=0 ungrounded=0 ttft=0.26s total=2.90s
[q4_v2_t06 r0] en03  parse=True full=4/4 fp=0 ungrounded=0 ttft=0.33s total=3.97s
[q4_v2_t06 r0] en04  parse=True full=2/2 fp=0 ungrounded=0 ttft=0.39s total=5.07s
[q4_v2_t06 r0] en05  parse=True full=1/1 fp=0 ungrounded=0 ttft=0.26s total=1.93s
[q4_v2_t06 r0] en06  parse=True full=1/1 fp=0 ungrounded=0 ttft=0.24s total=1.11s
[q4_v2_t06 r0] en07  parse=True full=3/3 fp=0 ungrounded=0 ttft=0.26s total=3.78s
[q4_v2_t06 r0] en08  parse=True full=1/1 fp=0 ungrounded=0 ttft=0.25s total=2.22s
[q4_v2_t06 r0] en09  parse=True full=1/1 fp=0 ungrounded=0 ttft=0.25s total=1.53s
[q4_v2_t06 r0] en10  parse=True full=3/3 fp=0 ungrounded=0 ttft=0.26s total=2.81s
[q4_v2_t06 r0] en11  parse=True full=3/3 fp=0 ungrounded=0 ttft=0.31s total=2.75s
[q4_v2_t06 r0] en12  parse=True full=0/0 fp=0 ungrounded=0 ttft=0.24s total=0.42s
[q4_v2_t06 r0] en13  parse=True full=0/0 fp=0 ungrounded=0 ttft=0.18s total=0.36s
[q4_v2_t06 r0] en14  parse=True full=0/0 fp=0 ungrounded=0 ttft=0.18s total=0.36s
[q4_v2_t06 r0] en15  parse=True full=0/0 fp=0 ungrounded=0 ttft=0.18s total=0.36s
[q4_v2_t06 r0] en16  parse=True full=6/7 fp=0 ungrounded=0 ttft=0.46s total=5.25s
[q4_v2_t06 r0] en17  parse=True full=2/2 fp=0 ungrounded=0 ttft=0.25s total=2.21s
[q4_v2_t06 r1] ko01  parse=True full=3/3 fp=0 ungrounded=0 ttft=0.33s total=4.86s
[q4_v2_t06 r1] ko02  parse=True full=2/2 fp=0 ungrounded=0 ttft=0.25s total=2.58s
[q4_v2_t06 r1] ko03  parse=True full=3/3 fp=0 ungrounded=0 ttft=0.33s total=3.63s
[q4_v2_t06 r1] ko04  parse=True full=2/2 fp=0 ungrounded=0 ttft=0.39s total=3.21s
[q4_v2_t06 r1] ko05  parse=True full=1/1 fp=0 ungrounded=0 ttft=0.25s total=1.17s
[q4_v2_t06 r1] ko06  parse=True full=1/3 fp=0 ungrounded=1 ttft=0.26s total=1.84s
[q4_v2_t06 r1] ko07  parse=True full=0/1 fp=1 ungrounded=2 ttft=0.31s total=3.50s
[q4_v2_t06 r1] ko08  parse=True full=0/1 fp=0 ungrounded=0 ttft=0.32s total=0.50s
[q4_v2_t06 r1] ko09  parse=True full=3/4 fp=0 ungrounded=0 ttft=0.32s total=3.04s
[q4_v2_t06 r1] ko10  parse=True full=3/3 fp=0 ungrounded=0 ttft=0.32s total=2.84s
[q4_v2_t06 r1] ko11  parse=True full=0/0 fp=0 ungrounded=0 ttft=0.25s total=0.43s
[q4_v2_t06 r1] ko12  parse=True full=0/0 fp=0 ungrounded=0 ttft=0.24s total=0.43s
[q4_v2_t06 r1] ko13  parse=True full=0/0 fp=0 ungrounded=0 ttft=0.25s total=0.44s
[q4_v2_t06 r1] ko14  parse=True full=0/0 fp=0 ungrounded=0 ttft=0.24s total=0.42s
[q4_v2_t06 r1] ko15  parse=True full=3/3 fp=0 ungrounded=0 ttft=0.26s total=2.81s
[q4_v2_t06 r1] ko16  parse=True full=0/2 fp=0 ungrounded=0 ttft=0.26s total=0.45s
[q4_v2_t06 r1] ko17  parse=True full=6/8 fp=0 ungrounded=0 ttft=0.63s total=6.96s
[q4_v2_t06 r1] en01  parse=True full=3/3 fp=0 ungrounded=0 ttft=0.31s total=4.46s
[q4_v2_t06 r1] en02  parse=True full=3/3 fp=0 ungrounded=0 ttft=0.26s total=4.04s
[q4_v2_t06 r1] en03  parse=True full=4/4 fp=0 ungrounded=0 ttft=0.33s total=5.53s
[q4_v2_t06 r1] en04  parse=True full=2/2 fp=0 ungrounded=0 ttft=0.40s total=5.70s
[q4_v2_t06 r1] en05  parse=True full=1/1 fp=0 ungrounded=0 ttft=0.26s total=2.12s
[q4_v2_t06 r1] en06  parse=True full=1/1 fp=0 ungrounded=0 ttft=0.25s total=1.13s
[q4_v2_t06 r1] en07  parse=True full=3/3 fp=0 ungrounded=0 ttft=0.26s total=2.45s
[q4_v2_t06 r1] en08  parse=True full=0/1 fp=0 ungrounded=0 ttft=0.25s total=1.68s
[q4_v2_t06 r1] en09  parse=True full=1/1 fp=0 ungrounded=0 ttft=0.25s total=1.56s
[q4_v2_t06 r1] en10  parse=True full=3/3 fp=0 ungrounded=0 ttft=0.26s total=2.88s
[q4_v2_t06 r1] en11  parse=True full=3/3 fp=0 ungrounded=0 ttft=0.32s total=2.84s
[q4_v2_t06 r1] en12  parse=True full=0/0 fp=0 ungrounded=0 ttft=0.24s total=0.42s
[q4_v2_t06 r1] en13  parse=True full=0/0 fp=0 ungrounded=0 ttft=0.18s total=0.37s
[q4_v2_t06 r1] en14  parse=True full=0/0 fp=0 ungrounded=0 ttft=0.18s total=0.37s
[q4_v2_t06 r1] en15  parse=True full=0/0 fp=0 ungrounded=0 ttft=0.18s total=0.37s
[q4_v2_t06 r1] en16  parse=True full=6/7 fp=0 ungrounded=0 ttft=0.47s total=6.38s
[q4_v2_t06 r1] en17  parse=True full=2/2 fp=0 ungrounded=0 ttft=0.25s total=2.27s
[q4_v2_t06 r2] ko01  parse=True full=3/3 fp=0 ungrounded=0 ttft=0.33s total=5.00s
[q4_v2_t06 r2] ko02  parse=True full=2/2 fp=0 ungrounded=0 ttft=0.26s total=1.96s
[q4_v2_t06 r2] ko03  parse=True full=3/3 fp=0 ungrounded=0 ttft=0.33s total=5.31s
[q4_v2_t06 r2] ko04  parse=True full=2/2 fp=0 ungrounded=0 ttft=0.40s total=3.69s
[q4_v2_t06 r2] ko05  parse=True full=1/1 fp=0 ungrounded=0 ttft=0.25s total=1.20s
[q4_v2_t06 r2] ko06  parse=True full=3/3 fp=1 ungrounded=0 ttft=0.26s total=4.83s
[q4_v2_t06 r2] ko07  parse=True full=0/1 fp=0 ungrounded=1 ttft=0.32s total=2.23s
[q4_v2_t06 r2] ko08  parse=True full=0/1 fp=0 ungrounded=0 ttft=0.32s total=0.51s
[q4_v2_t06 r2] ko09  parse=True full=3/4 fp=0 ungrounded=0 ttft=0.33s total=3.42s
[q4_v2_t06 r2] ko10  parse=True full=2/3 fp=0 ungrounded=0 ttft=0.32s total=2.30s
[q4_v2_t06 r2] ko11  parse=True full=0/0 fp=0 ungrounded=0 ttft=0.25s total=0.43s
[q4_v2_t06 r2] ko12  parse=True full=0/0 fp=0 ungrounded=0 ttft=0.24s total=0.43s
[q4_v2_t06 r2] ko13  parse=True full=0/0 fp=0 ungrounded=0 ttft=0.25s total=0.44s
[q4_v2_t06 r2] ko14  parse=True full=0/0 fp=0 ungrounded=0 ttft=0.24s total=0.43s
[q4_v2_t06 r2] ko15  parse=True full=3/3 fp=0 ungrounded=0 ttft=0.26s total=2.72s
[q4_v2_t06 r2] ko16  parse=True full=1/2 fp=0 ungrounded=0 ttft=0.26s total=1.79s
[q4_v2_t06 r2] ko17  parse=True full=6/8 fp=0 ungrounded=0 ttft=0.63s total=6.72s
[q4_v2_t06 r2] en01  parse=True full=3/3 fp=0 ungrounded=0 ttft=0.31s total=4.40s
[q4_v2_t06 r2] en02  parse=True full=3/3 fp=0 ungrounded=0 ttft=0.26s total=4.07s
[q4_v2_t06 r2] en03  parse=True full=4/4 fp=0 ungrounded=0 ttft=0.34s total=5.05s
[q4_v2_t06 r2] en04  parse=True full=2/2 fp=0 ungrounded=0 ttft=0.40s total=3.85s
[q4_v2_t06 r2] en05  parse=True full=0/1 fp=0 ungrounded=0 ttft=0.26s total=0.45s
[q4_v2_t06 r2] en06  parse=True full=1/1 fp=0 ungrounded=0 ttft=0.24s total=1.13s
[q4_v2_t06 r2] en07  parse=True full=3/3 fp=1 ungrounded=0 ttft=0.26s total=4.07s
[q4_v2_t06 r2] en08  parse=True full=1/1 fp=0 ungrounded=0 ttft=0.25s total=2.00s
[q4_v2_t06 r2] en09  parse=True full=1/1 fp=0 ungrounded=0 ttft=0.25s total=1.59s
[q4_v2_t06 r2] en10  parse=True full=3/3 fp=0 ungrounded=0 ttft=0.26s total=2.88s
[q4_v2_t06 r2] en11  parse=True full=3/3 fp=0 ungrounded=0 ttft=0.32s total=3.67s
[q4_v2_t06 r2] en12  parse=True full=0/0 fp=0 ungrounded=0 ttft=0.24s total=0.42s
[q4_v2_t06 r2] en13  parse=True full=0/0 fp=0 ungrounded=0 ttft=0.19s total=0.37s
[q4_v2_t06 r2] en14  parse=True full=0/0 fp=0 ungrounded=0 ttft=0.19s total=0.37s
[q4_v2_t06 r2] en15  parse=True full=0/0 fp=0 ungrounded=0 ttft=0.18s total=0.37s
[q4_v2_t06 r2] en16  parse=True full=6/7 fp=0 ungrounded=0 ttft=0.47s total=6.52s
[q4_v2_t06 r2] en17  parse=True full=2/2 fp=0 ungrounded=0 ttft=0.25s total=2.33s
wrote ./scripts/local_model/results/q4_v2_t06.jsonl

## q4_v2_t06  (102 requests)
- JSON parse ok: 102/102

| type | ko full (partial) | en full (partial) | all full (partial) | n |
|---|---|---|---|---|
| PERSON | 93.9% (93.9%) | 100.0% (100.0%) | 96.5% (96.5%) | 57 |
| ORG | 33.3% (33.3%) | - | 33.3% (33.3%) | 6 |
| CONTACT | 100.0% (100.0%) | 100.0% (100.0%) | 100.0% (100.0%) | 24 |
| ID_NUMBER | 100.0% (100.0%) | 100.0% (100.0%) | 100.0% (100.0%) | 21 |
| FINANCIAL | 77.8% (77.8%) | 100.0% (100.0%) | 88.9% (88.9%) | 18 |
| SECRET | 100.0% (100.0%) | 94.4% (94.4%) | 96.7% (96.7%) | 30 |
| LOCATION | 100.0% (100.0%) | 100.0% (100.0%) | 100.0% (100.0%) | 9 |
| HEALTH | 58.3% (58.3%) | 75.0% (75.0%) | 66.7% (66.7%) | 24 |
| QUASI_IDENTIFIER | 11.1% (22.2%) | 91.7% (91.7%) | 57.1% (61.9%) | 21 |
| ALL | 80.6% (81.5%) | 95.1% (95.1%) | 87.6% (88.1%) | 210 |

- type label agreement on detected spans: 94.6% (175/185)
- QUASI_IDENTIFIER detected -> action=generalize with replacement: 10/13
- benign prompts with >=1 flagged span (FP rate): 0.0% (0/24)
- spurious spans on sensitive prompts: 4/226 predicted spans (1.8%)
- ungrounded spans (text not verbatim in prompt): 6/226 (2.7%)
- sensitive prompts with every expected span fully covered: 73.1% (57/78)
- TTFT p50/p95: 0.26s / 0.47s
- total p50/p95/max: 2.29s / 6.34s / 7.46s
- prompt tokens mean 1039, completion tokens mean 75 (max 210)
- decode tok/s median 32.8; prefill tok/s median 236
- prompt cache hit tokens (median): 969

| run | recall full | recall partial | benign FP | spurious spans | p50 total |
|---|---|---|---|---|---|
| 0 | 91.4% | 92.9% | 0/8 | 1 | 2.48s |
| 1 | 84.3% | 84.3% | 0/8 | 1 | 2.36s |
| 2 | 87.1% | 87.1% | 0/8 | 2 | 2.27s |

- expected spans whose full-detection flips across runs: 8/70
  - ko06 '제2형 당뇨': [True, False, True]
  - ko06 '우울증': [True, False, True]
  - ko08 '한국어-포르투갈어 통역사': [True, False, False]
  - ko09 '6,200만원': [True, False, False]
  - ko10 '한지우': [False, True, False]
  - ko16 '그린루프': [True, False, True]
  - en05 'Tr0ub4dor&3': [True, True, False]
  - en08 'only female VP': [True, False, True]

### misses (all runs, full-coverage)
- en05 SECRET 'Tr0ub4dor&3' missed 1x
- en08 QUASI_IDENTIFIER 'only female VP' missed 1x
- en16 HEALTH 'epilepsy' missed 3x
- ko06 HEALTH '우울증' missed 1x
- ko06 HEALTH '제2형 당뇨' missed 1x
- ko07 QUASI_IDENTIFIER '유일한 여성 부사장' missed 2x
- ko07 QUASI_IDENTIFIER '유일한 여성 부사장' missed 1x (partial)
- ko08 QUASI_IDENTIFIER '한국어-포르투갈어 통역사' missed 2x
- ko09 FINANCIAL '6,200만원' missed 2x
- ko10 PERSON '한지우' missed 2x
- ko16 ORG '그린루프' missed 1x
- ko16 QUASI_IDENTIFIER '유일한 외국인 개발자' missed 3x
- ko17 HEALTH '공황장애' missed 3x
- ko17 ORG '대원물산' missed 3x

### false-positive / spurious spans (all runs)
- en07 QUASI_IDENTIFIER 'cover his shifts' x1
- ko06 SECRET '병가 신청서' x1
- ko07 HEALTH '진정서' x1
- ko09 CONTACT '급여계좌' x1

### ungrounded spans
- ko06 '1' x1
- ko06 '100-200-300' x1
- ko06 '123-45-6789' x1
- ko07 '최고' x3
